[2025-04-02T19:30:11.829620+00:00] app.logs.ERROR: admin@bng.com - login inválido [] []
[2025-04-02T19:30:16.940673+00:00] app.logs.INFO: admin@bng.com - login com sucesso [] []
[2025-04-02T19:31:52.336501+00:00] app.logs.INFO: admin@bng.com - fez logout [] []
[2025-04-02T19:33:11.540116+00:00] app.logs.INFO: admin@bng.com - login com sucesso [] []
[2025-04-02T19:33:54.899146+00:00] app.logs.INFO: admin@bng.com - fez logout [] []
[2025-04-02T19:34:00.264119+00:00] app.logs.INFO: admin@bng.com - login com sucesso [] []
[2025-04-02T19:34:52.335105+00:00] app.logs.INFO: admin@bng.com - fez logout [] []
[2025-04-02T19:35:02.978966+00:00] app.logs.INFO: admin@bng.com - login com sucesso [] []
[2025-04-02T19:35:58.326842+00:00] app.logs.INFO: admin@bng.com - login com sucesso [] []
[2025-04-02T19:36:08.433486+00:00] app.logs.INFO: admin@bng.com - login com sucesso [] []
[2025-04-02T19:36:11.644192+00:00] app.logs.INFO: admin@bng.com - fez logout [] []
[2025-04-02T19:36:16.626092+00:00] app.logs.INFO: admin@bng.com - login com sucesso [] []
[2025-04-02T19:36:20.895217+00:00] app.logs.INFO: admin@bng.com - fez logout [] []
[2025-04-02T19:36:37.143822+00:00] app.logs.INFO: agente1@bng.com - login com sucesso [] []
[2025-04-02T19:36:40.563151+00:00] app.logs.INFO: agente1@bng.com - fez logout [] []
[2025-04-02T19:36:53.040821+00:00] app.logs.ERROR: agente2@bng.com - login inválido [] []
[2025-04-02T19:37:00.701429+00:00] app.logs.INFO: agente2@bng.com - login com sucesso [] []
[2025-04-02T19:37:02.971324+00:00] app.logs.INFO: agente2@bng.com - fez logout [] []
[2025-04-03T11:22:24.046255+00:00] app.logs.INFO: admin@bng.com - login com sucesso [] []
[2025-04-03T11:22:32.317949+00:00] app.logs.INFO: admin@bng.com - fez logout [] []
[2025-04-03T11:35:21.472137+00:00] app.logs.INFO: admin@bng.com - login com sucesso [] []
[2025-04-03T11:35:23.067489+00:00] app.logs.INFO: admin@bng.com - fez logout [] []
[2025-04-03T11:35:31.843301+00:00] app.logs.INFO: agente1@bng.com - login com sucesso [] []
[2025-04-03T11:35:33.852741+00:00] app.logs.INFO: agente1@bng.com - fez logout [] []
[2025-04-03T11:47:59.324388+00:00] app.logs.INFO: agente1@bng.com - login com sucesso [] []
[2025-04-03T12:41:33.445994+00:00] app.logs.INFO: agente1@bng.com - fez logout [] []
[2025-04-03T12:41:39.710653+00:00] app.logs.INFO: agente1@bng.com - login com sucesso [] []
[2025-04-03T12:47:34.372972+00:00] app.logs.INFO: agente1@bng.com - fez logout [] []
[2025-04-03T12:47:58.048817+00:00] app.logs.INFO: agente1@bng.com - login com sucesso [] []
[2025-04-03T12:52:17.486923+00:00] app.logs.INFO: agente1@bng.com - fez logout [] []
[2025-04-03T12:52:28.325388+00:00] app.logs.INFO: agente1@bng.com - login com sucesso [] []
[2025-04-03T18:01:38.659676+00:00] app.logs.INFO: agente1@bng.com - fez logout [] []
[2025-04-03T18:01:49.896491+00:00] app.logs.ERROR: agente2@bgn.com - login inválido [] []
[2025-04-03T18:01:59.458865+00:00] app.logs.INFO: agente2@bng.com - login com sucesso [] []
[2025-04-03T18:02:11.773672+00:00] app.logs.INFO: agente2@bng.com - fez logout [] []
[2025-04-03T18:02:25.619441+00:00] app.logs.INFO: agente1@bng.com - login com sucesso [] []
[2025-04-04T10:53:42.340368+00:00] app.logs.INFO: agente1@bng.com - login com sucesso [] []
[2025-04-04T13:39:12.404174+00:00] app.logs.INFO: agente1@bng.com - login com sucesso [] []
[2025-04-07T13:06:23.517740+00:00] app.logs.INFO: agente1@bng.com - login com sucesso [] []
[2025-04-14T17:07:05.198367+00:00] app.logs.INFO: agente1@bng.com - login com sucesso [] []
[2025-04-15T13:35:58.278309+00:00] app.logs.INFO: agente1@bng.com - login com sucesso [] []
[2025-04-15T13:36:32.695774+00:00] app.logs.INFO: agente1@bng.com - fez logout [] []
[2025-04-15T13:37:23.030652+00:00] app.logs.INFO: agente1@bng.com - login com sucesso [] []
[2025-04-15T13:37:30.744187+00:00] app.logs.INFO: agente1@bng.com - fez logout [] []
[2025-04-15T13:37:39.398563+00:00] app.logs.INFO: agente1@bng.com - login com sucesso [] []
[2025-04-15T13:37:41.463372+00:00] app.logs.INFO: agente1@bng.com - fez logout [] []
[2025-04-15T13:37:50.339175+00:00] app.logs.INFO: agente1@bng.com - login com sucesso [] []
[2025-04-15T17:09:16.016068+00:00] app.logs.INFO: agente1@bng.com - fez logout [] []
[2025-04-15T17:09:18.804583+00:00] app.logs.INFO: agente1@bng.com - login com sucesso [] []
[2025-04-15T17:09:20.921709+00:00] app.logs.INFO: agente1@bng.com - fez logout [] []
[2025-04-15T17:10:14.871987+00:00] app.logs.INFO: agente1@bng.com - login com sucesso [] []
[2025-04-15T17:10:19.237303+00:00] app.logs.INFO: agente1@bng.com - fez logout [] []
[2025-04-15T17:12:03.353048+00:00] app.logs.INFO: agente1@bng.com - login com sucesso [] []
[2025-04-15T17:12:05.576549+00:00] app.logs.INFO: agente1@bng.com - fez logout [] []
[2025-04-15T17:12:20.049670+00:00] app.logs.INFO: admin@bng.com - login com sucesso [] []
[2025-04-15T17:12:24.408811+00:00] app.logs.INFO: admin@bng.com - fez logout [] []
[2025-04-15T17:12:38.773320+00:00] app.logs.INFO: admin@bng.com - login com sucesso [] []
[2025-04-15T17:12:43.317431+00:00] app.logs.INFO: admin@bng.com - fez logout [] []
[2025-04-15T17:12:45.971274+00:00] app.logs.INFO: agente1@bng.com - login com sucesso [] []
[2025-04-15T17:12:48.834279+00:00] app.logs.INFO: agente1@bng.com - fez logout [] []
[2025-04-15T17:12:51.398073+00:00] app.logs.INFO: agente1@bng.com - login com sucesso [] []
[2025-04-15T17:14:13.492746+00:00] app.logs.INFO: agente1@bng.com - fez logout [] []
[2025-04-15T17:14:19.596821+00:00] app.logs.INFO: agente1@bng.com - login com sucesso [] []
[2025-04-15T17:14:21.831194+00:00] app.logs.INFO: agente1@bng.com - fez logout [] []
[2025-04-15T17:48:37.979397+00:00] app.logs.INFO: agente1@bng.com - login com sucesso [] []
[2025-04-15T18:58:04.364852+00:00] app.logs.INFO: agente1@bng.com - adicionou novo cliente: Ali*****lva|ali**********************com [] []
[2025-04-17T10:35:39.232359+00:00] app.logs.INFO: agente1@bng.com - login com sucesso [] []
[2025-04-17T10:49:43.231313+00:00] app.logs.INFO: agente1@bng.com - fez logout [] []
[2025-04-17T10:49:45.226530+00:00] app.logs.INFO: agente1@bng.com - login com sucesso [] []
[2025-04-17T17:44:25.976515+00:00] app.logs.INFO: agente1@bng.com - fez logout [] []
[2025-04-17T17:44:29.765629+00:00] app.logs.INFO: agente1@bng.com - login com sucesso [] []
[2025-04-24T11:20:27.688607+00:00] app.logs.INFO: agente1@bng.com - login com sucesso [] []
[2025-04-24T11:21:14.074125+00:00] app.logs.INFO: agente1@bng.com- atualizou dados do client IDb4e713dfe613bf599ae82400830aae42 [] []
[2025-04-24T11:21:32.097400+00:00] app.logs.INFO: agente1@bng.com- atualizou dados do client IDb4e713dfe613bf599ae82400830aae42 [] []
[2025-04-24T11:21:49.867066+00:00] app.logs.INFO: agente1@bng.com- atualizou dados do client IDb4e713dfe613bf599ae82400830aae42 [] []
[2025-04-24T11:34:30.359526+00:00] app.logs.INFO: agente1@bng.com- atualizou dados do client IDb4e713dfe613bf599ae82400830aae42 [] []
[2025-04-24T11:34:40.994074+00:00] app.logs.INFO: agente1@bng.com- atualizou dados do client IDb4e713dfe613bf599ae82400830aae42 [] []
[2025-04-24T11:34:47.747349+00:00] app.logs.INFO: agente1@bng.com- atualizou dados do client IDb4e713dfe613bf599ae82400830aae42 [] []
[2025-04-24T11:34:51.231855+00:00] app.logs.INFO: agente1@bng.com- atualizou dados do client IDb4e713dfe613bf599ae82400830aae42 [] []
[2025-04-24T11:55:43.552456+00:00] app.logs.INFO: agente1@bng.com- atualizou dados do client IDb4e713dfe613bf599ae82400830aae42 [] []
[2025-04-24T11:55:49.117883+00:00] app.logs.INFO: agente1@bng.com- atualizou dados do client IDb4e713dfe613bf599ae82400830aae42 [] []
[2025-04-24T11:55:52.509601+00:00] app.logs.INFO: agente1@bng.com- atualizou dados do client IDb4e713dfe613bf599ae82400830aae42 [] []
[2025-04-24T11:55:57.050861+00:00] app.logs.INFO: agente1@bng.com- atualizou dados do client IDb4e713dfe613bf599ae82400830aae42 [] []
[2025-04-24T12:47:25.149085+00:00] app.logs.INFO: LOGISTICA - removeu o cliente: | [] []
[2025-04-24T12:48:20.701915+00:00] app.logs.INFO: LOGISTICA - removeu o cliente: | [] []
[2025-04-24T12:53:02.084377+00:00] app.logs.INFO: LOGISTICA - removeu o cliente: | [] []
[2025-04-24T12:54:33.988550+00:00] app.logs.INFO: LOGISTICA - removeu o cliente: | [] []
[2025-04-24T12:56:17.928704+00:00] app.logs.INFO: LOGISTICA - removeu o cliente: | [] []
[2025-04-24T12:57:55.862399+00:00] app.logs.INFO: agente1@bng.com - removeu o cliente: 5c6bb96ec52f6dffd1a97112c0eb9763 [] []
[2025-04-24T12:58:16.291373+00:00] app.logs.INFO: agente1@bng.com - removeu o cliente: 5c6bb96ec52f6dffd1a97112c0eb9763 [] []
[2025-04-24T13:01:07.305895+00:00] app.logs.INFO: agente1@bng.com - adicionou novo cliente: Ali*****lva|ali**********************com [] []
[2025-04-24T13:03:08.542114+00:00] app.logs.INFO: agente1@bng.com - fez logout [] []
[2025-04-24T13:03:10.959062+00:00] app.logs.INFO: admin@bng.com - login com sucesso [] []
[2025-04-24T13:03:15.073903+00:00] app.logs.INFO: admin@bng.com - fez logout [] []
[2025-04-24T13:03:18.797686+00:00] app.logs.INFO: agente1@bng.com - login com sucesso [] []
[2025-04-24T14:30:42.981652+00:00] app.logs.INFO: agente1@bng.com - fez logout [] []
[2025-04-24T14:30:48.241029+00:00] app.logs.INFO: agente1@bng.com - login com sucesso [] []
[2025-04-25T10:32:45.942371+00:00] app.logs.INFO: agente1@bng.com - login com sucesso [] []
